// license:BSD-3-Clause
// copyright-holders:Aaron Giles
/******************************************************************************

    smart.lst

    List of all enabled drivers in the system. This file is parsed by
    makelist.exe, sorted, and output as C code describing the drivers.

******************************************************************************/

coleco
bit90
gsz80
gscpm
//gscpmx
gs6502
gs6809
intv
intvsrs
intvkbd
intv2
intvoice
intvecs
osborne1
osborne1sp
osborne1nv
phoenix
pleiads
kof2000
kof2001
kof2002
mslug3
trs80dt1
blockade
comotion
blasto
hustle
mineswpr
mineswpr4
channelf
sabavdpl
luxorves
channlf2
sabavpl2
luxorvec
itttelma
ingtelma
mouser
mouserc
nova2001
nova2001h
nova2001u
ninjakun
pkunwar
pkunwarj
raiders5
raiders5t
stactics
starcrus
starshp1
starshpp
starwars
starwars1
starwarso
tomcatsw
esb
turbo
turboa
turbob
turboc
turbod
turboe
turbobl
subroc3d
buckrog
buckrogn
buckrogn2
zoom909
cavenger
ladybug
ladybugb
ladybugb2
snapjack
dorodon
dorodon2
sraider
seawolf2
ebases
spacezap
wow
wowg
gorf
gorfpgm1
gorfpgm1g
robby
profpac
demndrgn
tenpindx
dmodrbcc
attckexd
attckexd2
deathrac
//destdrby
rhunting
elim2
elim2a
elim2c
elim4
elim4p
spacfury
spacfurya
spacfuryb
zektor
tacscan
startrek
zx80
zx81
ts1000
eva11
eva24
ti99_4a
sstrangr
sstrangr2
sstrangrx
neogeo
twinspri
alphaho
sspacaho

